<?xml version="1.0" encoding="utf-8"?>
<TestRun id="51fb3624-7060-46ef-9411-90a6c43458c1" name="foRz@FORZASUS 2021-12-09 17:48:31" runUser="FORZASUS\foRz" xmlns="http://microsoft.com/schemas/VisualStudio/TeamTest/2010">
  <Times creation="2021-12-09T17:48:31.5205177+03:00" queuing="2021-12-09T17:48:31.5205191+03:00" start="2021-12-09T17:48:29.5000591+03:00" finish="2021-12-09T17:48:33.3627248+03:00" />
  <TestSettings name="default" id="8b93e45a-5a2f-4522-b067-5dee6b28859d">
    <Deployment runDeploymentRoot="foRz_FORZASUS_2021-12-09_17_48_31" />
  </TestSettings>
  <Results>
    <UnitTestResult executionId="73671bab-8176-4a16-88ce-e71a76d8b3a8" testId="b3d28784-132b-4989-f44f-82fd5be857a5" testName="CreatedBooking_ShouldBe_Updated" computerName="FORZASUS" duration="00:00:00.1407470" startTime="2021-12-09T17:48:32.5170978+03:00" endTime="2021-12-09T17:48:32.6578429+03:00" testType="13cdc9d9-ddb5-4fa4-a97d-d965ccfc6d4b" outcome="Passed" testListId="8c84fa94-04c1-424b-9868-57a2d4851a1d" relativeResultsDirectory="73671bab-8176-4a16-88ce-e71a76d8b3a8" />
    <UnitTestResult executionId="4ed2d0e4-d419-4de2-a1e7-85772d3833fd" testId="1573f9ab-ad49-cd82-4150-a1cbba7a84f8" testName="CreatedBooking_ShouldBe_Deleted" computerName="FORZASUS" duration="00:00:00.1719870" startTime="2021-12-09T17:48:32.9742837+03:00" endTime="2021-12-09T17:48:33.1462695+03:00" testType="13cdc9d9-ddb5-4fa4-a97d-d965ccfc6d4b" outcome="Passed" testListId="8c84fa94-04c1-424b-9868-57a2d4851a1d" relativeResultsDirectory="4ed2d0e4-d419-4de2-a1e7-85772d3833fd" />
    <UnitTestResult executionId="ded678a4-7e16-4e6f-8882-c2e4e6e19192" testId="b553ceae-7f08-076f-2f81-3ac1beb864c3" testName="Booking_With_IncorrectDates_ShouldNotBe_Accepted" computerName="FORZASUS" duration="00:00:00.2151380" startTime="2021-12-09T17:48:32.1284462+03:00" endTime="2021-12-09T17:48:32.3435822+03:00" testType="13cdc9d9-ddb5-4fa4-a97d-d965ccfc6d4b" outcome="Passed" testListId="8c84fa94-04c1-424b-9868-57a2d4851a1d" relativeResultsDirectory="ded678a4-7e16-4e6f-8882-c2e4e6e19192" />
    <UnitTestResult executionId="253a8895-4f04-481d-b9e8-e6e4ce94279a" testId="9eeccf4d-9714-e7fb-2619-02c40c39e978" testName="BookingIds_ShouldBe_Retrieved_And_ShouldNotBe_Empty" computerName="FORZASUS" duration="00:00:00.1407120" startTime="2021-12-09T17:48:31.8370084+03:00" endTime="2021-12-09T17:48:31.9777184+03:00" testType="13cdc9d9-ddb5-4fa4-a97d-d965ccfc6d4b" outcome="Passed" testListId="8c84fa94-04c1-424b-9868-57a2d4851a1d" relativeResultsDirectory="253a8895-4f04-481d-b9e8-e6e4ce94279a" />
    <UnitTestResult executionId="ad068eb0-9d11-4641-a3cc-efcf7538552b" testId="eea37630-5a4d-a680-2ff4-da68899e7777" testName="RandomBooking_ShouldBe_Patched_Using_TokenAuth" computerName="FORZASUS" duration="00:00:00.1618200" startTime="2021-12-09T17:48:31.6750222+03:00" endTime="2021-12-09T17:48:31.8368403+03:00" testType="13cdc9d9-ddb5-4fa4-a97d-d965ccfc6d4b" outcome="Passed" testListId="8c84fa94-04c1-424b-9868-57a2d4851a1d" relativeResultsDirectory="ad068eb0-9d11-4641-a3cc-efcf7538552b" />
    <UnitTestResult executionId="7574ffa2-adb5-447f-b51f-1c8400a3ada7" testId="bd1d2714-5449-f56e-7281-98315bc2fab1" testName="Ensure_That_BookingId_Exists" computerName="FORZASUS" duration="00:00:00.1457400" startTime="2021-12-09T17:48:32.8285150+03:00" endTime="2021-12-09T17:48:32.9742528+03:00" testType="13cdc9d9-ddb5-4fa4-a97d-d965ccfc6d4b" outcome="Passed" testListId="8c84fa94-04c1-424b-9868-57a2d4851a1d" relativeResultsDirectory="7574ffa2-adb5-447f-b51f-1c8400a3ada7" />
    <UnitTestResult executionId="20ad2f32-f244-4e23-91bd-879037d64b7f" testId="35ce9a1f-136e-e8d2-9965-ccf38c6f0207" testName="CreatedBooking_ShouldBe_PartiallyUpdated" computerName="FORZASUS" duration="00:00:00.1706139" startTime="2021-12-09T17:48:32.6578725+03:00" endTime="2021-12-09T17:48:32.8284843+03:00" testType="13cdc9d9-ddb5-4fa4-a97d-d965ccfc6d4b" outcome="Passed" testListId="8c84fa94-04c1-424b-9868-57a2d4851a1d" relativeResultsDirectory="20ad2f32-f244-4e23-91bd-879037d64b7f" />
    <UnitTestResult executionId="5c36b3e3-73da-48dc-b9b9-4cca59248e23" testId="a27f8035-3399-1710-73b9-71d261c75c98" testName="Ensure_That_BookingId_DoesntExist" computerName="FORZASUS" duration="00:00:00.1415210" startTime="2021-12-09T17:48:33.1463004+03:00" endTime="2021-12-09T17:48:33.2878197+03:00" testType="13cdc9d9-ddb5-4fa4-a97d-d965ccfc6d4b" outcome="Passed" testListId="8c84fa94-04c1-424b-9868-57a2d4851a1d" relativeResultsDirectory="5c36b3e3-73da-48dc-b9b9-4cca59248e23" />
    <UnitTestResult executionId="31f1b02f-29cc-4951-a70f-1fa853f8c731" testId="e7fb0bee-2311-f26d-1895-198c4770469a" testName="AuthToken_ShouldBe_Created" computerName="FORZASUS" duration="00:00:00.5727719" startTime="2021-12-09T17:48:30.9575610+03:00" endTime="2021-12-09T17:48:31.5303312+03:00" testType="13cdc9d9-ddb5-4fa4-a97d-d965ccfc6d4b" outcome="Passed" testListId="8c84fa94-04c1-424b-9868-57a2d4851a1d" relativeResultsDirectory="31f1b02f-29cc-4951-a70f-1fa853f8c731" />
    <UnitTestResult executionId="2894dd94-e59f-4427-85cc-d5c8138e09ef" testId="75a2fa68-7464-79e0-33ea-279f69dbaacc" testName="HealthCheckStatus_ShouldBe_Ok" computerName="FORZASUS" duration="00:00:00.7310990" startTime="2021-12-09T17:48:30.2207140+03:00" endTime="2021-12-09T17:48:30.9516702+03:00" testType="13cdc9d9-ddb5-4fa4-a97d-d965ccfc6d4b" outcome="Passed" testListId="8c84fa94-04c1-424b-9868-57a2d4851a1d" relativeResultsDirectory="2894dd94-e59f-4427-85cc-d5c8138e09ef" />
    <UnitTestResult executionId="448cdab1-1a87-4496-a045-f79192393019" testId="9b84de44-6938-5308-c845-568e518c21aa" testName="Get_RandomBooking_And_ValidateFields" computerName="FORZASUS" duration="00:00:00.1506550" startTime="2021-12-09T17:48:31.9777496+03:00" endTime="2021-12-09T17:48:32.1284031+03:00" testType="13cdc9d9-ddb5-4fa4-a97d-d965ccfc6d4b" outcome="Passed" testListId="8c84fa94-04c1-424b-9868-57a2d4851a1d" relativeResultsDirectory="448cdab1-1a87-4496-a045-f79192393019" />
    <UnitTestResult executionId="13aa99b2-871a-421d-82ab-07876dbc3e92" testId="1c6a9dfc-fcd7-d2e2-d92a-e2a94b9923ee" testName="BookingIds_ShouldBe_Retrieved_And_ShouldNotBe_Empty" computerName="FORZASUS" duration="00:00:00.1443859" startTime="2021-12-09T17:48:31.5306019+03:00" endTime="2021-12-09T17:48:31.6749869+03:00" testType="13cdc9d9-ddb5-4fa4-a97d-d965ccfc6d4b" outcome="Passed" testListId="8c84fa94-04c1-424b-9868-57a2d4851a1d" relativeResultsDirectory="13aa99b2-871a-421d-82ab-07876dbc3e92" />
    <UnitTestResult executionId="12787224-c4da-4609-b240-abaea446f147" testId="c0c724a1-16e7-7483-3848-a43ac92d5ad5" testName="Booking_ShouldBe_Created" computerName="FORZASUS" duration="00:00:00.1731800" startTime="2021-12-09T17:48:32.3438891+03:00" endTime="2021-12-09T17:48:32.5170679+03:00" testType="13cdc9d9-ddb5-4fa4-a97d-d965ccfc6d4b" outcome="Passed" testListId="8c84fa94-04c1-424b-9868-57a2d4851a1d" relativeResultsDirectory="12787224-c4da-4609-b240-abaea446f147" />
  </Results>
  <TestDefinitions>
    <UnitTest name="Booking_With_IncorrectDates_ShouldNotBe_Accepted" storage="d:\projects\bookerapi.tests\bookerapi.tests\bin\release\net5.0\bookerapi.tests.dll" id="b553ceae-7f08-076f-2f81-3ac1beb864c3">
      <Execution id="ded678a4-7e16-4e6f-8882-c2e4e6e19192" />
      <TestMethod codeBase="D:\Projects\BookerApi.Tests\BookerApi.Tests\bin\Release\net5.0\BookerApi.Tests.dll" adapterTypeName="executor://nunit3testexecutor/" className="BookerApi.Tests.BookingTests.BookingValidationsTests" name="Booking_With_IncorrectDates_ShouldNotBe_Accepted" />
    </UnitTest>
    <UnitTest name="RandomBooking_ShouldBe_Patched_Using_TokenAuth" storage="d:\projects\bookerapi.tests\bookerapi.tests\bin\release\net5.0\bookerapi.tests.dll" id="eea37630-5a4d-a680-2ff4-da68899e7777">
      <Execution id="ad068eb0-9d11-4641-a3cc-efcf7538552b" />
      <TestMethod codeBase="D:\Projects\BookerApi.Tests\BookerApi.Tests\bin\Release\net5.0\BookerApi.Tests.dll" adapterTypeName="executor://nunit3testexecutor/" className="BookerApi.Tests.AuthTests.TokenAuthTests" name="RandomBooking_ShouldBe_Patched_Using_TokenAuth" />
    </UnitTest>
    <UnitTest name="CreatedBooking_ShouldBe_Deleted" storage="d:\projects\bookerapi.tests\bookerapi.tests\bin\release\net5.0\bookerapi.tests.dll" id="1573f9ab-ad49-cd82-4150-a1cbba7a84f8">
      <Execution id="4ed2d0e4-d419-4de2-a1e7-85772d3833fd" />
      <TestMethod codeBase="D:\Projects\BookerApi.Tests\BookerApi.Tests\bin\Release\net5.0\BookerApi.Tests.dll" adapterTypeName="executor://nunit3testexecutor/" className="BookerApi.Tests.BookingTests.BookingTests" name="CreatedBooking_ShouldBe_Deleted" />
    </UnitTest>
    <UnitTest name="Booking_ShouldBe_Created" storage="d:\projects\bookerapi.tests\bookerapi.tests\bin\release\net5.0\bookerapi.tests.dll" id="c0c724a1-16e7-7483-3848-a43ac92d5ad5">
      <Execution id="12787224-c4da-4609-b240-abaea446f147" />
      <TestMethod codeBase="D:\Projects\BookerApi.Tests\BookerApi.Tests\bin\Release\net5.0\BookerApi.Tests.dll" adapterTypeName="executor://nunit3testexecutor/" className="BookerApi.Tests.BookingTests.BookingTests" name="Booking_ShouldBe_Created" />
    </UnitTest>
    <UnitTest name="Ensure_That_BookingId_Exists" storage="d:\projects\bookerapi.tests\bookerapi.tests\bin\release\net5.0\bookerapi.tests.dll" id="bd1d2714-5449-f56e-7281-98315bc2fab1">
      <Execution id="7574ffa2-adb5-447f-b51f-1c8400a3ada7" />
      <TestMethod codeBase="D:\Projects\BookerApi.Tests\BookerApi.Tests\bin\Release\net5.0\BookerApi.Tests.dll" adapterTypeName="executor://nunit3testexecutor/" className="BookerApi.Tests.BookingTests.BookingTests" name="Ensure_That_BookingId_Exists" />
    </UnitTest>
    <UnitTest name="HealthCheckStatus_ShouldBe_Ok" storage="d:\projects\bookerapi.tests\bookerapi.tests\bin\release\net5.0\bookerapi.tests.dll" id="75a2fa68-7464-79e0-33ea-279f69dbaacc">
      <Execution id="2894dd94-e59f-4427-85cc-d5c8138e09ef" />
      <TestMethod codeBase="D:\Projects\BookerApi.Tests\BookerApi.Tests\bin\Release\net5.0\BookerApi.Tests.dll" adapterTypeName="executor://nunit3testexecutor/" className="BookerApi.Tests.HealthCheckTests" name="HealthCheckStatus_ShouldBe_Ok" />
    </UnitTest>
    <UnitTest name="BookingIds_ShouldBe_Retrieved_And_ShouldNotBe_Empty" storage="d:\projects\bookerapi.tests\bookerapi.tests\bin\release\net5.0\bookerapi.tests.dll" id="1c6a9dfc-fcd7-d2e2-d92a-e2a94b9923ee">
      <Execution id="13aa99b2-871a-421d-82ab-07876dbc3e92" />
      <TestMethod codeBase="D:\Projects\BookerApi.Tests\BookerApi.Tests\bin\Release\net5.0\BookerApi.Tests.dll" adapterTypeName="executor://nunit3testexecutor/" className="BookerApi.Tests.AuthTests.TokenAuthTests" name="BookingIds_ShouldBe_Retrieved_And_ShouldNotBe_Empty" />
    </UnitTest>
    <UnitTest name="AuthToken_ShouldBe_Created" storage="d:\projects\bookerapi.tests\bookerapi.tests\bin\release\net5.0\bookerapi.tests.dll" id="e7fb0bee-2311-f26d-1895-198c4770469a">
      <Execution id="31f1b02f-29cc-4951-a70f-1fa853f8c731" />
      <TestMethod codeBase="D:\Projects\BookerApi.Tests\BookerApi.Tests\bin\Release\net5.0\BookerApi.Tests.dll" adapterTypeName="executor://nunit3testexecutor/" className="BookerApi.Tests.CreateTokenTests" name="AuthToken_ShouldBe_Created" />
    </UnitTest>
    <UnitTest name="BookingIds_ShouldBe_Retrieved_And_ShouldNotBe_Empty" storage="d:\projects\bookerapi.tests\bookerapi.tests\bin\release\net5.0\bookerapi.tests.dll" id="9eeccf4d-9714-e7fb-2619-02c40c39e978">
      <Execution id="253a8895-4f04-481d-b9e8-e6e4ce94279a" />
      <TestMethod codeBase="D:\Projects\BookerApi.Tests\BookerApi.Tests\bin\Release\net5.0\BookerApi.Tests.dll" adapterTypeName="executor://nunit3testexecutor/" className="BookerApi.Tests.BookingTests.BookingValidationsTests" name="BookingIds_ShouldBe_Retrieved_And_ShouldNotBe_Empty" />
    </UnitTest>
    <UnitTest name="CreatedBooking_ShouldBe_PartiallyUpdated" storage="d:\projects\bookerapi.tests\bookerapi.tests\bin\release\net5.0\bookerapi.tests.dll" id="35ce9a1f-136e-e8d2-9965-ccf38c6f0207">
      <Execution id="20ad2f32-f244-4e23-91bd-879037d64b7f" />
      <TestMethod codeBase="D:\Projects\BookerApi.Tests\BookerApi.Tests\bin\Release\net5.0\BookerApi.Tests.dll" adapterTypeName="executor://nunit3testexecutor/" className="BookerApi.Tests.BookingTests.BookingTests" name="CreatedBooking_ShouldBe_PartiallyUpdated" />
    </UnitTest>
    <UnitTest name="Ensure_That_BookingId_DoesntExist" storage="d:\projects\bookerapi.tests\bookerapi.tests\bin\release\net5.0\bookerapi.tests.dll" id="a27f8035-3399-1710-73b9-71d261c75c98">
      <Execution id="5c36b3e3-73da-48dc-b9b9-4cca59248e23" />
      <TestMethod codeBase="D:\Projects\BookerApi.Tests\BookerApi.Tests\bin\Release\net5.0\BookerApi.Tests.dll" adapterTypeName="executor://nunit3testexecutor/" className="BookerApi.Tests.BookingTests.BookingTests" name="Ensure_That_BookingId_DoesntExist" />
    </UnitTest>
    <UnitTest name="Get_RandomBooking_And_ValidateFields" storage="d:\projects\bookerapi.tests\bookerapi.tests\bin\release\net5.0\bookerapi.tests.dll" id="9b84de44-6938-5308-c845-568e518c21aa">
      <Execution id="448cdab1-1a87-4496-a045-f79192393019" />
      <TestMethod codeBase="D:\Projects\BookerApi.Tests\BookerApi.Tests\bin\Release\net5.0\BookerApi.Tests.dll" adapterTypeName="executor://nunit3testexecutor/" className="BookerApi.Tests.BookingTests.BookingValidationsTests" name="Get_RandomBooking_And_ValidateFields" />
    </UnitTest>
    <UnitTest name="CreatedBooking_ShouldBe_Updated" storage="d:\projects\bookerapi.tests\bookerapi.tests\bin\release\net5.0\bookerapi.tests.dll" id="b3d28784-132b-4989-f44f-82fd5be857a5">
      <Execution id="73671bab-8176-4a16-88ce-e71a76d8b3a8" />
      <TestMethod codeBase="D:\Projects\BookerApi.Tests\BookerApi.Tests\bin\Release\net5.0\BookerApi.Tests.dll" adapterTypeName="executor://nunit3testexecutor/" className="BookerApi.Tests.BookingTests.BookingTests" name="CreatedBooking_ShouldBe_Updated" />
    </UnitTest>
  </TestDefinitions>
  <TestEntries>
    <TestEntry testId="b3d28784-132b-4989-f44f-82fd5be857a5" executionId="73671bab-8176-4a16-88ce-e71a76d8b3a8" testListId="8c84fa94-04c1-424b-9868-57a2d4851a1d" />
    <TestEntry testId="1573f9ab-ad49-cd82-4150-a1cbba7a84f8" executionId="4ed2d0e4-d419-4de2-a1e7-85772d3833fd" testListId="8c84fa94-04c1-424b-9868-57a2d4851a1d" />
    <TestEntry testId="b553ceae-7f08-076f-2f81-3ac1beb864c3" executionId="ded678a4-7e16-4e6f-8882-c2e4e6e19192" testListId="8c84fa94-04c1-424b-9868-57a2d4851a1d" />
    <TestEntry testId="9eeccf4d-9714-e7fb-2619-02c40c39e978" executionId="253a8895-4f04-481d-b9e8-e6e4ce94279a" testListId="8c84fa94-04c1-424b-9868-57a2d4851a1d" />
    <TestEntry testId="eea37630-5a4d-a680-2ff4-da68899e7777" executionId="ad068eb0-9d11-4641-a3cc-efcf7538552b" testListId="8c84fa94-04c1-424b-9868-57a2d4851a1d" />
    <TestEntry testId="bd1d2714-5449-f56e-7281-98315bc2fab1" executionId="7574ffa2-adb5-447f-b51f-1c8400a3ada7" testListId="8c84fa94-04c1-424b-9868-57a2d4851a1d" />
    <TestEntry testId="35ce9a1f-136e-e8d2-9965-ccf38c6f0207" executionId="20ad2f32-f244-4e23-91bd-879037d64b7f" testListId="8c84fa94-04c1-424b-9868-57a2d4851a1d" />
    <TestEntry testId="a27f8035-3399-1710-73b9-71d261c75c98" executionId="5c36b3e3-73da-48dc-b9b9-4cca59248e23" testListId="8c84fa94-04c1-424b-9868-57a2d4851a1d" />
    <TestEntry testId="e7fb0bee-2311-f26d-1895-198c4770469a" executionId="31f1b02f-29cc-4951-a70f-1fa853f8c731" testListId="8c84fa94-04c1-424b-9868-57a2d4851a1d" />
    <TestEntry testId="75a2fa68-7464-79e0-33ea-279f69dbaacc" executionId="2894dd94-e59f-4427-85cc-d5c8138e09ef" testListId="8c84fa94-04c1-424b-9868-57a2d4851a1d" />
    <TestEntry testId="9b84de44-6938-5308-c845-568e518c21aa" executionId="448cdab1-1a87-4496-a045-f79192393019" testListId="8c84fa94-04c1-424b-9868-57a2d4851a1d" />
    <TestEntry testId="1c6a9dfc-fcd7-d2e2-d92a-e2a94b9923ee" executionId="13aa99b2-871a-421d-82ab-07876dbc3e92" testListId="8c84fa94-04c1-424b-9868-57a2d4851a1d" />
    <TestEntry testId="c0c724a1-16e7-7483-3848-a43ac92d5ad5" executionId="12787224-c4da-4609-b240-abaea446f147" testListId="8c84fa94-04c1-424b-9868-57a2d4851a1d" />
  </TestEntries>
  <TestLists>
    <TestList name="Results Not in a List" id="8c84fa94-04c1-424b-9868-57a2d4851a1d" />
    <TestList name="All Loaded Results" id="19431567-8539-422a-85d7-44ee4e166bda" />
  </TestLists>
  <ResultSummary outcome="Completed">
    <Counters total="13" executed="13" passed="13" failed="0" error="0" timeout="0" aborted="0" inconclusive="0" passedButRunAborted="0" notRunnable="0" notExecuted="0" disconnected="0" warning="0" completed="0" inProgress="0" pending="0" />
    <Output>
      <StdOut>NUnit Adapter 3.17.0.0: Test execution started&#xD;
Running all tests in D:\Projects\BookerApi.Tests\BookerApi.Tests\bin\Release\net5.0\BookerApi.Tests.dll&#xD;
   NUnit3TestExecutor discovered 13 of 13 NUnit test cases&#xD;
NUnit Adapter 3.17.0.0: Test execution complete&#xD;
</StdOut>
    </Output>
  </ResultSummary>
</TestRun>